Archive member included to satisfy reference by file (symbol)

c:/eclipse_neon2/plugins/fr.ac6.mcu.externaltools.arm-none.win32_1.12.0.201611241417/tools/compiler/bin/../lib/gcc/arm-none-eabi/5.4.1/../../../../arm-none-eabi/lib/armv7e-m/fpu\libc_nano.a(lib_a-exit.o)
                              c:/eclipse_neon2/plugins/fr.ac6.mcu.externaltools.arm-none.win32_1.12.0.201611241417/tools/compiler/bin/../lib/gcc/arm-none-eabi/5.4.1/../../../../arm-none-eabi/lib/armv7e-m/fpu/crt0.o (exit)
c:/eclipse_neon2/plugins/fr.ac6.mcu.externaltools.arm-none.win32_1.12.0.201611241417/tools/compiler/bin/../lib/gcc/arm-none-eabi/5.4.1/../../../../arm-none-eabi/lib/armv7e-m/fpu\libc_nano.a(lib_a-impure.o)
                              c:/eclipse_neon2/plugins/fr.ac6.mcu.externaltools.arm-none.win32_1.12.0.201611241417/tools/compiler/bin/../lib/gcc/arm-none-eabi/5.4.1/../../../../arm-none-eabi/lib/armv7e-m/fpu\libc_nano.a(lib_a-exit.o) (_global_impure_ptr)
c:/eclipse_neon2/plugins/fr.ac6.mcu.externaltools.arm-none.win32_1.12.0.201611241417/tools/compiler/bin/../lib/gcc/arm-none-eabi/5.4.1/../../../../arm-none-eabi/lib/armv7e-m/fpu\libc_nano.a(lib_a-init.o)
                              c:/eclipse_neon2/plugins/fr.ac6.mcu.externaltools.arm-none.win32_1.12.0.201611241417/tools/compiler/bin/../lib/gcc/arm-none-eabi/5.4.1/../../../../arm-none-eabi/lib/armv7e-m/fpu/crt0.o (__libc_init_array)
c:/eclipse_neon2/plugins/fr.ac6.mcu.externaltools.arm-none.win32_1.12.0.201611241417/tools/compiler/bin/../lib/gcc/arm-none-eabi/5.4.1/../../../../arm-none-eabi/lib/armv7e-m/fpu\libc_nano.a(lib_a-memset.o)
                              c:/eclipse_neon2/plugins/fr.ac6.mcu.externaltools.arm-none.win32_1.12.0.201611241417/tools/compiler/bin/../lib/gcc/arm-none-eabi/5.4.1/../../../../arm-none-eabi/lib/armv7e-m/fpu/crt0.o (memset)
c:/eclipse_neon2/plugins/fr.ac6.mcu.externaltools.arm-none.win32_1.12.0.201611241417/tools/compiler/bin/../lib/gcc/arm-none-eabi/5.4.1/../../../../arm-none-eabi/lib/armv7e-m/fpu\libnosys.a(_exit.o)
                              c:/eclipse_neon2/plugins/fr.ac6.mcu.externaltools.arm-none.win32_1.12.0.201611241417/tools/compiler/bin/../lib/gcc/arm-none-eabi/5.4.1/../../../../arm-none-eabi/lib/armv7e-m/fpu\libc_nano.a(lib_a-exit.o) (_exit)

Allocating common symbols
Common symbol       size              file

hi2c1               0x54              Src/i2c.o
uwTick              0x4               Drivers/STM32F4xx_HAL_Driver/Src/stm32f4xx_hal.o
pFlash              0x20              Drivers/STM32F4xx_HAL_Driver/Src/stm32f4xx_hal_flash.o

Discarded input sections

 .text          0x00000000        0x0 c:/eclipse_neon2/plugins/fr.ac6.mcu.externaltools.arm-none.win32_1.12.0.201611241417/tools/compiler/bin/../lib/gcc/arm-none-eabi/5.4.1/armv7e-m/fpu/crti.o
 .data          0x00000000        0x0 c:/eclipse_neon2/plugins/fr.ac6.mcu.externaltools.arm-none.win32_1.12.0.201611241417/tools/compiler/bin/../lib/gcc/arm-none-eabi/5.4.1/armv7e-m/fpu/crti.o
 .bss           0x00000000        0x0 c:/eclipse_neon2/plugins/fr.ac6.mcu.externaltools.arm-none.win32_1.12.0.201611241417/tools/compiler/bin/../lib/gcc/arm-none-eabi/5.4.1/armv7e-m/fpu/crti.o
 .data          0x00000000        0x4 c:/eclipse_neon2/plugins/fr.ac6.mcu.externaltools.arm-none.win32_1.12.0.201611241417/tools/compiler/bin/../lib/gcc/arm-none-eabi/5.4.1/armv7e-m/fpu/crtbegin.o
 .text          0x00000000       0x74 c:/eclipse_neon2/plugins/fr.ac6.mcu.externaltools.arm-none.win32_1.12.0.201611241417/tools/compiler/bin/../lib/gcc/arm-none-eabi/5.4.1/../../../../arm-none-eabi/lib/armv7e-m/fpu/crt0.o
 .data          0x00000000        0x0 c:/eclipse_neon2/plugins/fr.ac6.mcu.externaltools.arm-none.win32_1.12.0.201611241417/tools/compiler/bin/../lib/gcc/arm-none-eabi/5.4.1/../../../../arm-none-eabi/lib/armv7e-m/fpu/crt0.o
 .bss           0x00000000        0x0 c:/eclipse_neon2/plugins/fr.ac6.mcu.externaltools.arm-none.win32_1.12.0.201611241417/tools/compiler/bin/../lib/gcc/arm-none-eabi/5.4.1/../../../../arm-none-eabi/lib/armv7e-m/fpu/crt0.o
 .ARM.extab     0x00000000        0x0 c:/eclipse_neon2/plugins/fr.ac6.mcu.externaltools.arm-none.win32_1.12.0.201611241417/tools/compiler/bin/../lib/gcc/arm-none-eabi/5.4.1/../../../../arm-none-eabi/lib/armv7e-m/fpu/crt0.o
 .ARM.exidx     0x00000000        0x8 c:/eclipse_neon2/plugins/fr.ac6.mcu.externaltools.arm-none.win32_1.12.0.201611241417/tools/compiler/bin/../lib/gcc/arm-none-eabi/5.4.1/../../../../arm-none-eabi/lib/armv7e-m/fpu/crt0.o
 .ARM.attributes
                0x00000000       0x20 c:/eclipse_neon2/plugins/fr.ac6.mcu.externaltools.arm-none.win32_1.12.0.201611241417/tools/compiler/bin/../lib/gcc/arm-none-eabi/5.4.1/../../../../arm-none-eabi/lib/armv7e-m/fpu/crt0.o
 .text          0x00000000       0x14 Drivers/CMSIS/Device/ST/STM32F4xx/Source/Templates/gcc/startup_stm32f407xx.o
 .data          0x00000000        0x0 Drivers/CMSIS/Device/ST/STM32F4xx/Source/Templates/gcc/startup_stm32f407xx.o
[...]
Memory Configuration

Name             Origin             Length             Attributes
RAM              0x20000000         0x00020000         xrw
CCMRAM           0x10000000         0x00010000         rw
FLASH            0x08000000         0x00100000         xr
*default*        0x00000000         0xffffffff

Linker script and memory map

LOAD c:/eclipse_neon2/plugins/fr.ac6.mcu.externaltools.arm-none.win32_1.12.0.201611241417/tools/compiler/bin/../lib/gcc/arm-none-eabi/5.4.1/armv7e-m/fpu/crti.o
LOAD c:/eclipse_neon2/plugins/fr.ac6.mcu.externaltools.arm-none.win32_1.12.0.201611241417/tools/compiler/bin/../lib/gcc/arm-none-eabi/5.4.1/armv7e-m/fpu/crtbegin.o
LOAD c:/eclipse_neon2/plugins/fr.ac6.mcu.externaltools.arm-none.win32_1.12.0.201611241417/tools/compiler/bin/../lib/gcc/arm-none-eabi/5.4.1/../../../../arm-none-eabi/lib/armv7e-m/fpu/crt0.o
LOAD c:/eclipse_neon2/plugins/fr.ac6.mcu.externaltools.arm-none.win32_1.12.0.201611241417/tools/compiler/bin/../lib/gcc/arm-none-eabi/5.4.1/../../../../arm-none-eabi/lib/armv7e-m/fpu\libm.a
LOAD Drivers/CMSIS/Device/ST/STM32F4xx/Source/Templates/gcc/startup_stm32f407xx.o
LOAD Drivers/STM32F4xx_HAL_Driver/Src/stm32f4xx_hal.o
LOAD Drivers/STM32F4xx_HAL_Driver/Src/stm32f4xx_hal_cortex.o
LOAD Drivers/STM32F4xx_HAL_Driver/Src/stm32f4xx_hal_dma.o
LOAD Drivers/STM32F4xx_HAL_Driver/Src/stm32f4xx_hal_dma_ex.o
LOAD Drivers/STM32F4xx_HAL_Driver/Src/stm32f4xx_hal_flash.o
LOAD Drivers/STM32F4xx_HAL_Driver/Src/stm32f4xx_hal_flash_ex.o
LOAD Drivers/STM32F4xx_HAL_Driver/Src/stm32f4xx_hal_flash_ramfunc.o
LOAD Drivers/STM32F4xx_HAL_Driver/Src/stm32f4xx_hal_gpio.o
LOAD Drivers/STM32F4xx_HAL_Driver/Src/stm32f4xx_hal_i2c.o
LOAD Drivers/STM32F4xx_HAL_Driver/Src/stm32f4xx_hal_i2c_ex.o
LOAD Drivers/STM32F4xx_HAL_Driver/Src/stm32f4xx_hal_pwr.o
LOAD Drivers/STM32F4xx_HAL_Driver/Src/stm32f4xx_hal_pwr_ex.o
LOAD Drivers/STM32F4xx_HAL_Driver/Src/stm32f4xx_hal_rcc.o
LOAD Drivers/STM32F4xx_HAL_Driver/Src/stm32f4xx_hal_rcc_ex.o
LOAD Drivers/STM32F4xx_HAL_Driver/Src/stm32f4xx_hal_tim.o
LOAD Drivers/STM32F4xx_HAL_Driver/Src/stm32f4xx_hal_tim_ex.o
LOAD Src/gpio.o
LOAD Src/i2c.o
LOAD Src/main.o
LOAD Src/stm32f4xx_hal_msp.o
LOAD Src/stm32f4xx_it.o
LOAD Src/system_stm32f4xx.o
START GROUP
LOAD c:/eclipse_neon2/plugins/fr.ac6.mcu.externaltools.arm-none.win32_1.12.0.201611241417/tools/compiler/bin/../lib/gcc/arm-none-eabi/5.4.1/armv7e-m/fpu\libgcc.a
LOAD c:/eclipse_neon2/plugins/fr.ac6.mcu.externaltools.arm-none.win32_1.12.0.201611241417/tools/compiler/bin/../lib/gcc/arm-none-eabi/5.4.1/../../../../arm-none-eabi/lib/armv7e-m/fpu\libc_nano.a
END GROUP
START GROUP
LOAD c:/eclipse_neon2/plugins/fr.ac6.mcu.externaltools.arm-none.win32_1.12.0.201611241417/tools/compiler/bin/../lib/gcc/arm-none-eabi/5.4.1/armv7e-m/fpu\libgcc.a
LOAD c:/eclipse_neon2/plugins/fr.ac6.mcu.externaltools.arm-none.win32_1.12.0.201611241417/tools/compiler/bin/../lib/gcc/arm-none-eabi/5.4.1/../../../../arm-none-eabi/lib/armv7e-m/fpu\libc_nano.a
LOAD c:/eclipse_neon2/plugins/fr.ac6.mcu.externaltools.arm-none.win32_1.12.0.201611241417/tools/compiler/bin/../lib/gcc/arm-none-eabi/5.4.1/../../../../arm-none-eabi/lib/armv7e-m/fpu\libnosys.a
END GROUP
START GROUP
LOAD c:/eclipse_neon2/plugins/fr.ac6.mcu.externaltools.arm-none.win32_1.12.0.201611241417/tools/compiler/bin/../lib/gcc/arm-none-eabi/5.4.1/armv7e-m/fpu\libgcc.a
LOAD c:/eclipse_neon2/plugins/fr.ac6.mcu.externaltools.arm-none.win32_1.12.0.201611241417/tools/compiler/bin/../lib/gcc/arm-none-eabi/5.4.1/../../../../arm-none-eabi/lib/armv7e-m/fpu\libc_nano.a
LOAD c:/eclipse_neon2/plugins/fr.ac6.mcu.externaltools.arm-none.win32_1.12.0.201611241417/tools/compiler/bin/../lib/gcc/arm-none-eabi/5.4.1/../../../../arm-none-eabi/lib/armv7e-m/fpu\libnosys.a
END GROUP
LOAD c:/eclipse_neon2/plugins/fr.ac6.mcu.externaltools.arm-none.win32_1.12.0.201611241417/tools/compiler/bin/../lib/gcc/arm-none-eabi/5.4.1/armv7e-m/fpu/crtend.o
LOAD c:/eclipse_neon2/plugins/fr.ac6.mcu.externaltools.arm-none.win32_1.12.0.201611241417/tools/compiler/bin/../lib/gcc/arm-none-eabi/5.4.1/armv7e-m/fpu/crtn.o
                0x20020000                _estack = 0x20020000
                0x00000200                _Min_Heap_Size = 0x200
                0x00000400                _Min_Stack_Size = 0x400

.isr_vector     0x08000000      0x188
                0x08000000                . = ALIGN (0x4)
 *(.isr_vector)
 .isr_vector    0x08000000      0x188 Drivers/CMSIS/Device/ST/STM32F4xx/Source/Templates/gcc/startup_stm32f407xx.o
                0x08000000                g_pfnVectors
                0x08000188                . = ALIGN (0x4)

.text           0x08000188      0xe64
                0x08000188                . = ALIGN (0x4)
 *(.text)
 .text          0x08000188       0x5c c:/eclipse_neon2/plugins/fr.ac6.mcu.externaltools.arm-none.win32_1.12.0.201611241417/tools/compiler/bin/../lib/gcc/arm-none-eabi/5.4.1/armv7e-m/fpu/crtbegin.o
 *(.text*)
 .text.Reset_Handler
                0x080001e4       0x50 Drivers/CMSIS/Device/ST/STM32F4xx/Source/Templates/gcc/startup_stm32f407xx.o
                0x080001e4                Reset_Handler
 .text.Default_Handler
                0x08000234        0x2 Drivers/CMSIS/Device/ST/STM32F4xx/Source/Templates/gcc/startup_stm32f407xx.o
                0x08000234                RTC_Alarm_IRQHandler
                0x08000234                HASH_RNG_IRQHandler
                0x08000234                EXTI2_IRQHandler
                0x08000234                TIM8_CC_IRQHandler
                0x08000234                DebugMon_Handler
                0x08000234                TIM1_CC_IRQHandler
                0x08000234                DMA2_Stream5_IRQHandler
                0x08000234                HardFault_Handler
                0x08000234                DMA1_Stream5_IRQHandler
                0x08000234                PVD_IRQHandler
                0x08000234                SDIO_IRQHandler
                0x08000234                TAMP_STAMP_IRQHandler
                0x08000234                PendSV_Handler
                0x08000234                NMI_Handler
                0x08000234                CAN2_RX1_IRQHandler
                0x08000234                EXTI3_IRQHandler
                0x08000234                TIM8_TRG_COM_TIM14_IRQHandler
                0x08000234                TIM1_UP_TIM10_IRQHandler
                0x08000234                TIM8_UP_TIM13_IRQHandler
                0x08000234                I2C3_ER_IRQHandler
                0x08000234                EXTI0_IRQHandler
                0x08000234                I2C2_EV_IRQHandler
                0x08000234                DMA1_Stream2_IRQHandler
                0x08000234                CAN1_RX0_IRQHandler
                0x08000234                FPU_IRQHandler
                0x08000234                OTG_HS_WKUP_IRQHandler
                0x08000234                UsageFault_Handler
                0x08000234                CAN2_SCE_IRQHandler
                0x08000234                DMA2_Stream2_IRQHandler
                0x08000234                SPI1_IRQHandler
                0x08000234                TIM6_DAC_IRQHandler
                0x08000234                TIM1_BRK_TIM9_IRQHandler
                0x08000234                DCMI_IRQHandler
                0x08000234                CAN2_RX0_IRQHandler
                0x08000234                DMA2_Stream3_IRQHandler
                0x08000234                USART6_IRQHandler
                0x08000234                USART3_IRQHandler
                0x08000234                CAN1_RX1_IRQHandler
                0x08000234                UART5_IRQHandler
                0x08000234                DMA2_Stream0_IRQHandler
                0x08000234                TIM4_IRQHandler
                0x08000234                I2C1_EV_IRQHandler
                0x08000234                DMA1_Stream6_IRQHandler
                0x08000234                DMA1_Stream1_IRQHandler
                0x08000234                UART4_IRQHandler
                0x08000234                TIM3_IRQHandler
                0x08000234                RCC_IRQHandler
                0x08000234                TIM8_BRK_TIM12_IRQHandler
                0x08000234                Default_Handler
                0x08000234                EXTI15_10_IRQHandler
                0x08000234                ADC_IRQHandler
                0x08000234                DMA1_Stream7_IRQHandler
                0x08000234                TIM7_IRQHandler
                0x08000234                CAN2_TX_IRQHandler
                0x08000234                TIM5_IRQHandler
                0x08000234                DMA2_Stream7_IRQHandler
                0x08000234                I2C3_EV_IRQHandler
                0x08000234                EXTI9_5_IRQHandler
                0x08000234                RTC_WKUP_IRQHandler
                0x08000234                ETH_WKUP_IRQHandler
                0x08000234                SPI2_IRQHandler
                0x08000234                OTG_HS_EP1_IN_IRQHandler
                0x08000234                MemManage_Handler
                0x08000234                DMA1_Stream0_IRQHandler
                0x08000234                CAN1_TX_IRQHandler
                0x08000234                SVC_Handler
                0x08000234                EXTI4_IRQHandler
                0x08000234                FSMC_IRQHandler
                0x08000234                ETH_IRQHandler
                0x08000234                OTG_HS_EP1_OUT_IRQHandler
                0x08000234                WWDG_IRQHandler
                0x08000234                TIM2_IRQHandler
                0x08000234                OTG_FS_WKUP_IRQHandler
                0x08000234                TIM1_TRG_COM_TIM11_IRQHandler
                0x08000234                OTG_HS_IRQHandler
                0x08000234                EXTI1_IRQHandler
                0x08000234                USART2_IRQHandler
                0x08000234                I2C2_ER_IRQHandler
                0x08000234                DMA2_Stream1_IRQHandler
                0x08000234                CAN1_SCE_IRQHandler
                0x08000234                FLASH_IRQHandler
                0x08000234                DMA2_Stream4_IRQHandler
                0x08000234                BusFault_Handler
                0x08000234                USART1_IRQHandler
                0x08000234                OTG_FS_IRQHandler
                0x08000234                SPI3_IRQHandler
                0x08000234                DMA1_Stream4_IRQHandler
                0x08000234                I2C1_ER_IRQHandler
                0x08000234                DMA2_Stream6_IRQHandler
                0x08000234                DMA1_Stream3_IRQHandler
 *fill*         0x08000236        0x2 
 .text.HAL_InitTick
                0x08000238       0x28 Drivers/STM32F4xx_HAL_Driver/Src/stm32f4xx_hal.o
                0x08000238                HAL_InitTick
 .text.HAL_Init
                0x08000260       0x34 Drivers/STM32F4xx_HAL_Driver/Src/stm32f4xx_hal.o
                0x08000260                HAL_Init
 .text.HAL_IncTick
                0x08000294       0x10 Drivers/STM32F4xx_HAL_Driver/Src/stm32f4xx_hal.o
                0x08000294                HAL_IncTick
 .text.HAL_GetTick
                0x080002a4        0xc Drivers/STM32F4xx_HAL_Driver/Src/stm32f4xx_hal.o
                0x080002a4                HAL_GetTick
 .text.HAL_NVIC_SetPriorityGrouping
                0x080002b0       0x24 Drivers/STM32F4xx_HAL_Driver/Src/stm32f4xx_hal_cortex.o
                0x080002b0                HAL_NVIC_SetPriorityGrouping
 .text.HAL_NVIC_SetPriority
                0x080002d4       0x68 Drivers/STM32F4xx_HAL_Driver/Src/stm32f4xx_hal_cortex.o
                0x080002d4                HAL_NVIC_SetPriority
 .text.HAL_SYSTICK_Config
                0x0800033c       0x2c Drivers/STM32F4xx_HAL_Driver/Src/stm32f4xx_hal_cortex.o
                0x0800033c                HAL_SYSTICK_Config
 .text.HAL_SYSTICK_CLKSourceConfig
                0x08000368       0x18 Drivers/STM32F4xx_HAL_Driver/Src/stm32f4xx_hal_cortex.o
                0x08000368                HAL_SYSTICK_CLKSourceConfig
 .text.HAL_SYSTICK_Callback
                0x08000380        0x2 Drivers/STM32F4xx_HAL_Driver/Src/stm32f4xx_hal_cortex.o
                0x08000380                HAL_SYSTICK_Callback
 .text.HAL_SYSTICK_IRQHandler
                0x08000382        0x8 Drivers/STM32F4xx_HAL_Driver/Src/stm32f4xx_hal_cortex.o
                0x08000382                HAL_SYSTICK_IRQHandler
 *fill*         0x0800038a        0x2 
 .text.HAL_GPIO_Init
                0x0800038c      0x1c0 Drivers/STM32F4xx_HAL_Driver/Src/stm32f4xx_hal_gpio.o
                0x0800038c                HAL_GPIO_Init
 .text.HAL_GPIO_WritePin
                0x0800054c        0x8 Drivers/STM32F4xx_HAL_Driver/Src/stm32f4xx_hal_gpio.o
                0x0800054c                HAL_GPIO_WritePin
 .text.HAL_I2C_Init
                0x08000554       0xdc Drivers/STM32F4xx_HAL_Driver/Src/stm32f4xx_hal_i2c.o
                0x08000554                HAL_I2C_Init
 .text.HAL_RCC_OscConfig
                0x08000630      0x31c Drivers/STM32F4xx_HAL_Driver/Src/stm32f4xx_hal_rcc.o
                0x08000630                HAL_RCC_OscConfig
 .text.HAL_RCC_GetSysClockFreq
                0x0800094c       0x7c Drivers/STM32F4xx_HAL_Driver/Src/stm32f4xx_hal_rcc.o
                0x0800094c                HAL_RCC_GetSysClockFreq
 .text.HAL_RCC_ClockConfig
                0x080009c8      0x168 Drivers/STM32F4xx_HAL_Driver/Src/stm32f4xx_hal_rcc.o
                0x080009c8                HAL_RCC_ClockConfig
 .text.HAL_RCC_GetHCLKFreq
                0x08000b30        0xc Drivers/STM32F4xx_HAL_Driver/Src/stm32f4xx_hal_rcc.o
                0x08000b30                HAL_RCC_GetHCLKFreq
 .text.HAL_RCC_GetPCLK1Freq
                0x08000b3c       0x30 Drivers/STM32F4xx_HAL_Driver/Src/stm32f4xx_hal_rcc.o
                0x08000b3c                HAL_RCC_GetPCLK1Freq
 .text.MX_GPIO_Init
                0x08000b6c      0x1f4 Src/gpio.o
                0x08000b6c                MX_GPIO_Init
 .text.MX_I2C1_Init
                0x08000d60       0x40 Src/i2c.o
                0x08000d60                MX_I2C1_Init
 .text.HAL_I2C_MspInit
                0x08000da0       0x68 Src/i2c.o
                0x08000da0                HAL_I2C_MspInit
 .text.SystemClock_Config
                0x08000e08       0xb0 Src/main.o
                0x08000e08                SystemClock_Config
 .text.startup.main
                0x08000eb8       0x14 Src/main.o
                0x08000eb8                main
 .text.Error_Handler
                0x08000ecc        0x2 Src/main.o
                0x08000ecc                Error_Handler
 .text.HAL_MspInit
                0x08000ece       0x60 Src/stm32f4xx_hal_msp.o
                0x08000ece                HAL_MspInit
 .text.SysTick_Handler
                0x08000f2e        0xe Src/stm32f4xx_it.o
                0x08000f2e                SysTick_Handler
 .text.SystemInit
                0x08000f3c       0x4c Src/system_stm32f4xx.o
                0x08000f3c                SystemInit
 .text.__libc_init_array
                0x08000f88       0x4c c:/eclipse_neon2/plugins/fr.ac6.mcu.externaltools.arm-none.win32_1.12.0.201611241417/tools/compiler/bin/../lib/gcc/arm-none-eabi/5.4.1/../../../../arm-none-eabi/lib/armv7e-m/fpu\libc_nano.a(lib_a-init.o)
                0x08000f88                __libc_init_array
 *(.glue_7)
 .glue_7        0x08000fd4        0x0 linker stubs
 *(.glue_7t)
 .glue_7t       0x08000fd4        0x0 linker stubs
 *(.eh_frame)
 .eh_frame      0x08000fd4        0x0 c:/eclipse_neon2/plugins/fr.ac6.mcu.externaltools.arm-none.win32_1.12.0.201611241417/tools/compiler/bin/../lib/gcc/arm-none-eabi/5.4.1/armv7e-m/fpu/crtbegin.o
 *(.init)
 .init          0x08000fd4        0x4 c:/eclipse_neon2/plugins/fr.ac6.mcu.externaltools.arm-none.win32_1.12.0.201611241417/tools/compiler/bin/../lib/gcc/arm-none-eabi/5.4.1/armv7e-m/fpu/crti.o
                0x08000fd4                _init
 .init          0x08000fd8        0x8 c:/eclipse_neon2/plugins/fr.ac6.mcu.externaltools.arm-none.win32_1.12.0.201611241417/tools/compiler/bin/../lib/gcc/arm-none-eabi/5.4.1/armv7e-m/fpu/crtn.o
 *(.fini)
 .fini          0x08000fe0        0x4 c:/eclipse_neon2/plugins/fr.ac6.mcu.externaltools.arm-none.win32_1.12.0.201611241417/tools/compiler/bin/../lib/gcc/arm-none-eabi/5.4.1/armv7e-m/fpu/crti.o
                0x08000fe0                _fini
 .fini          0x08000fe4        0x8 c:/eclipse_neon2/plugins/fr.ac6.mcu.externaltools.arm-none.win32_1.12.0.201611241417/tools/compiler/bin/../lib/gcc/arm-none-eabi/5.4.1/armv7e-m/fpu/crtn.o
                0x08000fec                . = ALIGN (0x4)
                0x08000fec                _etext = .

.vfp11_veneer   0x08000fec        0x0
 .vfp11_veneer  0x08000fec        0x0 linker stubs

.v4_bx          0x08000fec        0x0
 .v4_bx         0x08000fec        0x0 linker stubs

.iplt           0x08000fec        0x0
 .iplt          0x08000fec        0x0 c:/eclipse_neon2/plugins/fr.ac6.mcu.externaltools.arm-none.win32_1.12.0.201611241417/tools/compiler/bin/../lib/gcc/arm-none-eabi/5.4.1/armv7e-m/fpu/crtbegin.o

.rodata         0x08000fec       0x10
                0x08000fec                . = ALIGN (0x4)
 *(.rodata)
 .rodata        0x08000fec       0x10 Drivers/STM32F4xx_HAL_Driver/Src/stm32f4xx_hal_rcc.o
                0x08000fec                APBAHBPrescTable
 *(.rodata*)
                0x08000ffc                . = ALIGN (0x4)

.rel.dyn        0x08000ffc        0x0
 .rel.iplt      0x08000ffc        0x0 c:/eclipse_neon2/plugins/fr.ac6.mcu.externaltools.arm-none.win32_1.12.0.201611241417/tools/compiler/bin/../lib/gcc/arm-none-eabi/5.4.1/armv7e-m/fpu/crtbegin.o

.ARM.extab
 *(.ARM.extab* .gnu.linkonce.armextab.*)

.ARM            0x08000ffc        0x0
                0x08000ffc                __exidx_start = .
 *(.ARM.exidx*)
                0x08000ffc                __exidx_end = .

.preinit_array  0x08000ffc        0x0
                0x08000ffc                PROVIDE (__preinit_array_start, .)
 *(.preinit_array*)
                0x08000ffc                PROVIDE (__preinit_array_end, .)

.init_array     0x08000ffc        0x4
                0x08000ffc                PROVIDE (__init_array_start, .)
 *(SORT(.init_array.*))
 *(.init_array*)
 .init_array    0x08000ffc        0x4 c:/eclipse_neon2/plugins/fr.ac6.mcu.externaltools.arm-none.win32_1.12.0.201611241417/tools/compiler/bin/../lib/gcc/arm-none-eabi/5.4.1/armv7e-m/fpu/crtbegin.o
                0x08001000                PROVIDE (__init_array_end, .)

.fini_array     0x08001000        0x4
                [!provide]                PROVIDE (__fini_array_start, .)
 *(SORT(.fini_array.*))
 *(.fini_array*)
 .fini_array    0x08001000        0x4 c:/eclipse_neon2/plugins/fr.ac6.mcu.externaltools.arm-none.win32_1.12.0.201611241417/tools/compiler/bin/../lib/gcc/arm-none-eabi/5.4.1/armv7e-m/fpu/crtbegin.o
                [!provide]                PROVIDE (__fini_array_end, .)
                0x08001004                _sidata = LOADADDR (.data)

.data           0x20000000        0x4 load address 0x08001004
                0x20000000                . = ALIGN (0x4)
                0x20000000                _sdata = .
 *(.data)
 .data          0x20000000        0x4 Src/system_stm32f4xx.o
                0x20000000                SystemCoreClock
 *(.data*)
                0x20000004                . = ALIGN (0x4)
                0x20000004                _edata = .
                0x08001008                _siccmram = LOADADDR (.ccmram)

.jcr            0x20000004        0x0 load address 0x08001008
 .jcr           0x20000004        0x0 c:/eclipse_neon2/plugins/fr.ac6.mcu.externaltools.arm-none.win32_1.12.0.201611241417/tools/compiler/bin/../lib/gcc/arm-none-eabi/5.4.1/armv7e-m/fpu/crtbegin.o

.igot.plt       0x20000004        0x0 load address 0x08001008
 .igot.plt      0x20000004        0x0 c:/eclipse_neon2/plugins/fr.ac6.mcu.externaltools.arm-none.win32_1.12.0.201611241417/tools/compiler/bin/../lib/gcc/arm-none-eabi/5.4.1/armv7e-m/fpu/crtbegin.o

.ccmram         0x10000000        0x0 load address 0x08001008
                0x10000000                . = ALIGN (0x4)
                0x10000000                _sccmram = .
 *(.ccmram)
 *(.ccmram*)
                0x10000000                . = ALIGN (0x4)
                0x10000000                _eccmram = .
                0x10000000                . = ALIGN (0x4)

.bss            0x20000004       0x74
                0x20000004                _sbss = .
                0x20000004                __bss_start__ = _sbss
 *(.bss)
 .bss           0x20000004       0x1c c:/eclipse_neon2/plugins/fr.ac6.mcu.externaltools.arm-none.win32_1.12.0.201611241417/tools/compiler/bin/../lib/gcc/arm-none-eabi/5.4.1/armv7e-m/fpu/crtbegin.o
 *(.bss*)
 *(COMMON)
 COMMON         0x20000020        0x4 Drivers/STM32F4xx_HAL_Driver/Src/stm32f4xx_hal.o
                0x20000020                uwTick
 COMMON         0x20000024       0x54 Src/i2c.o
                0x20000024                hi2c1
                0x20000078                . = ALIGN (0x4)
                0x20000078                _ebss = .
                0x20000078                __bss_end__ = _ebss

._user_heap_stack
                0x20000078      0x600
                0x20000078                . = ALIGN (0x8)
                [!provide]                PROVIDE (end, .)
                [!provide]                PROVIDE (_end, .)
                0x20000278                . = (. + _Min_Heap_Size)
 *fill*         0x20000078      0x200 
                0x20000678                . = (. + _Min_Stack_Size)
 *fill*         0x20000278      0x400 
                0x20000678                . = ALIGN (0x8)

/DISCARD/
 libc.a(*)
 libm.a(*)
 libgcc.a(*)

.ARM.attributes
                0x00000000       0x30
 *(.ARM.attributes)
 .ARM.attributes
                0x00000000       0x22 c:/eclipse_neon2/plugins/fr.ac6.mcu.externaltools.arm-none.win32_1.12.0.201611241417/tools/compiler/bin/../lib/gcc/arm-none-eabi/5.4.1/armv7e-m/fpu/crti.o
 .ARM.attributes
                0x00000022       0x34 c:/eclipse_neon2/plugins/fr.ac6.mcu.externaltools.arm-none.win32_1.12.0.201611241417/tools/compiler/bin/../lib/gcc/arm-none-eabi/5.4.1/armv7e-m/fpu/crtbegin.o
 .ARM.attributes
                0x00000056       0x21 Drivers/CMSIS/Device/ST/STM32F4xx/Source/Templates/gcc/startup_stm32f407xx.o
 .ARM.attributes
                0x00000077       0x39 Drivers/STM32F4xx_HAL_Driver/Src/stm32f4xx_hal.o
 .ARM.attributes
                0x000000b0       0x39 Drivers/STM32F4xx_HAL_Driver/Src/stm32f4xx_hal_cortex.o
 .ARM.attributes
                0x000000e9       0x39 Drivers/STM32F4xx_HAL_Driver/Src/stm32f4xx_hal_gpio.o
 .ARM.attributes
                0x00000122       0x39 Drivers/STM32F4xx_HAL_Driver/Src/stm32f4xx_hal_i2c.o
 .ARM.attributes
                0x0000015b       0x39 Drivers/STM32F4xx_HAL_Driver/Src/stm32f4xx_hal_rcc.o
 .ARM.attributes
                0x00000194       0x39 Src/gpio.o
 .ARM.attributes
                0x000001cd       0x39 Src/i2c.o
 .ARM.attributes
                0x00000206       0x39 Src/main.o
 .ARM.attributes
                0x0000023f       0x39 Src/stm32f4xx_hal_msp.o
 .ARM.attributes
                0x00000278       0x39 Src/stm32f4xx_it.o
 .ARM.attributes
                0x000002b1       0x39 Src/system_stm32f4xx.o
 .ARM.attributes
                0x000002ea       0x34 c:/eclipse_neon2/plugins/fr.ac6.mcu.externaltools.arm-none.win32_1.12.0.201611241417/tools/compiler/bin/../lib/gcc/arm-none-eabi/5.4.1/../../../../arm-none-eabi/lib/armv7e-m/fpu\libc_nano.a(lib_a-init.o)
 .ARM.attributes
                0x0000031e       0x22 c:/eclipse_neon2/plugins/fr.ac6.mcu.externaltools.arm-none.win32_1.12.0.201611241417/tools/compiler/bin/../lib/gcc/arm-none-eabi/5.4.1/armv7e-m/fpu/crtn.o
OUTPUT(i2c_master.elf elf32-littlearm)

.debug_line     0x00000000     0x6edf
 .debug_line    0x00000000       0xae Drivers/CMSIS/Device/ST/STM32F4xx/Source/Templates/gcc/startup_stm32f407xx.o
 .debug_line    0x000000ae      0x8c6 Drivers/STM32F4xx_HAL_Driver/Src/stm32f4xx_hal.o
 .debug_line    0x00000974      0x93b Drivers/STM32F4xx_HAL_Driver/Src/stm32f4xx_hal_cortex.o
 .debug_line    0x000012af      0x90d Drivers/STM32F4xx_HAL_Driver/Src/stm32f4xx_hal_gpio.o
 .debug_line    0x00001bbc     0x1c08 Drivers/STM32F4xx_HAL_Driver/Src/stm32f4xx_hal_i2c.o
 .debug_line    0x000037c4      0xa74 Drivers/STM32F4xx_HAL_Driver/Src/stm32f4xx_hal_rcc.o
 .debug_line    0x00004238      0x7b0 Src/gpio.o
 .debug_line    0x000049e8      0x78d Src/i2c.o
 .debug_line    0x00005175      0x77e Src/main.o
 .debug_line    0x000058f3      0x73f Src/stm32f4xx_hal_msp.o
 .debug_line    0x00006032      0x745 Src/stm32f4xx_it.o
 .debug_line    0x00006777      0x768 Src/system_stm32f4xx.o

.debug_info     0x00000000     0x7b9c
 .debug_info    0x00000000       0x99 Drivers/CMSIS/Device/ST/STM32F4xx/Source/Templates/gcc/startup_stm32f407xx.o
 .debug_info    0x00000099      0x8da Drivers/STM32F4xx_HAL_Driver/Src/stm32f4xx_hal.o
 .debug_info    0x00000973      0xe79 Drivers/STM32F4xx_HAL_Driver/Src/stm32f4xx_hal_cortex.o
 .debug_info    0x000017ec      0x731 Drivers/STM32F4xx_HAL_Driver/Src/stm32f4xx_hal_gpio.o
 .debug_info    0x00001f1d     0x2e4a Drivers/STM32F4xx_HAL_Driver/Src/stm32f4xx_hal_i2c.o
 .debug_info    0x00004d67      0xc97 Drivers/STM32F4xx_HAL_Driver/Src/stm32f4xx_hal_rcc.o
 .debug_info    0x000059fe      0x64e Src/gpio.o
 .debug_info    0x0000604c      0x9d0 Src/i2c.o
 .debug_info    0x00006a1c      0x7a7 Src/main.o
 .debug_info    0x000071c3      0x3ee Src/stm32f4xx_hal_msp.o
 .debug_info    0x000075b1       0xeb Src/stm32f4xx_it.o
 .debug_info    0x0000769c      0x500 Src/system_stm32f4xx.o

.debug_abbrev   0x00000000     0x14e5
 .debug_abbrev  0x00000000       0x12 Drivers/CMSIS/Device/ST/STM32F4xx/Source/Templates/gcc/startup_stm32f407xx.o
 .debug_abbrev  0x00000012      0x247 Drivers/STM32F4xx_HAL_Driver/Src/stm32f4xx_hal.o
 .debug_abbrev  0x00000259      0x332 Drivers/STM32F4xx_HAL_Driver/Src/stm32f4xx_hal_cortex.o
 .debug_abbrev  0x0000058b      0x1cb Drivers/STM32F4xx_HAL_Driver/Src/stm32f4xx_hal_gpio.o
 .debug_abbrev  0x00000756      0x339 Drivers/STM32F4xx_HAL_Driver/Src/stm32f4xx_hal_i2c.o
 .debug_abbrev  0x00000a8f      0x321 Drivers/STM32F4xx_HAL_Driver/Src/stm32f4xx_hal_rcc.o
 .debug_abbrev  0x00000db0      0x151 Src/gpio.o
 .debug_abbrev  0x00000f01      0x1c4 Src/i2c.o
 .debug_abbrev  0x000010c5      0x1b0 Src/main.o
 .debug_abbrev  0x00001275       0xc5 Src/stm32f4xx_hal_msp.o
 .debug_abbrev  0x0000133a       0xa7 Src/stm32f4xx_it.o
 .debug_abbrev  0x000013e1      0x104 Src/system_stm32f4xx.o

.debug_aranges  0x00000000      0x4c8
 .debug_aranges
                0x00000000       0x28 Drivers/CMSIS/Device/ST/STM32F4xx/Source/Templates/gcc/startup_stm32f407xx.o
 .debug_aranges
                0x00000028       0xb8 Drivers/STM32F4xx_HAL_Driver/Src/stm32f4xx_hal.o
 .debug_aranges
                0x000000e0       0x98 Drivers/STM32F4xx_HAL_Driver/Src/stm32f4xx_hal_cortex.o
 .debug_aranges
                0x00000178       0x58 Drivers/STM32F4xx_HAL_Driver/Src/stm32f4xx_hal_gpio.o
 .debug_aranges
                0x000001d0      0x190 Drivers/STM32F4xx_HAL_Driver/Src/stm32f4xx_hal_i2c.o
 .debug_aranges
                0x00000360       0x80 Drivers/STM32F4xx_HAL_Driver/Src/stm32f4xx_hal_rcc.o
 .debug_aranges
                0x000003e0       0x20 Src/gpio.o
 .debug_aranges
                0x00000400       0x30 Src/i2c.o
 .debug_aranges
                0x00000430       0x30 Src/main.o
 .debug_aranges
                0x00000460       0x20 Src/stm32f4xx_hal_msp.o
 .debug_aranges
                0x00000480       0x20 Src/stm32f4xx_it.o
 .debug_aranges
                0x000004a0       0x28 Src/system_stm32f4xx.o

.debug_ranges   0x00000000      0x698
 .debug_ranges  0x00000000       0x20 Drivers/CMSIS/Device/ST/STM32F4xx/Source/Templates/gcc/startup_stm32f407xx.o
 .debug_ranges  0x00000020       0xa8 Drivers/STM32F4xx_HAL_Driver/Src/stm32f4xx_hal.o
 .debug_ranges  0x000000c8      0x148 Drivers/STM32F4xx_HAL_Driver/Src/stm32f4xx_hal_cortex.o
 .debug_ranges  0x00000210       0x70 Drivers/STM32F4xx_HAL_Driver/Src/stm32f4xx_hal_gpio.o
 .debug_ranges  0x00000280      0x210 Drivers/STM32F4xx_HAL_Driver/Src/stm32f4xx_hal_i2c.o
 .debug_ranges  0x00000490      0x150 Drivers/STM32F4xx_HAL_Driver/Src/stm32f4xx_hal_rcc.o
 .debug_ranges  0x000005e0       0x40 Src/gpio.o
 .debug_ranges  0x00000620       0x20 Src/i2c.o
 .debug_ranges  0x00000640       0x20 Src/main.o
 .debug_ranges  0x00000660       0x10 Src/stm32f4xx_hal_msp.o
 .debug_ranges  0x00000670       0x10 Src/stm32f4xx_it.o
 .debug_ranges  0x00000680       0x18 Src/system_stm32f4xx.o

.debug_loc      0x00000000     0x369d
 .debug_loc     0x00000000       0x92 Drivers/STM32F4xx_HAL_Driver/Src/stm32f4xx_hal.o
 .debug_loc     0x00000092      0x4ab Drivers/STM32F4xx_HAL_Driver/Src/stm32f4xx_hal_cortex.o
 .debug_loc     0x0000053d      0x374 Drivers/STM32F4xx_HAL_Driver/Src/stm32f4xx_hal_gpio.o
 .debug_loc     0x000008b1     0x2843 Drivers/STM32F4xx_HAL_Driver/Src/stm32f4xx_hal_i2c.o
 .debug_loc     0x000030f4      0x485 Drivers/STM32F4xx_HAL_Driver/Src/stm32f4xx_hal_rcc.o
 .debug_loc     0x00003579       0x4d Src/i2c.o
 .debug_loc     0x000035c6       0xd7 Src/system_stm32f4xx.o

.debug_macro    0x00000000    0x203aa
 .debug_macro   0x00000000      0x35f Drivers/STM32F4xx_HAL_Driver/Src/stm32f4xx_hal.o
 .debug_macro   0x0000035f      0x89e Drivers/STM32F4xx_HAL_Driver/Src/stm32f4xx_hal.o
 .debug_macro   0x00000bfd      0x18a Drivers/STM32F4xx_HAL_Driver/Src/stm32f4xx_hal.o
 .debug_macro   0x00000d87      0x179 Drivers/STM32F4xx_HAL_Driver/Src/stm32f4xx_hal.o
 .debug_macro   0x00000f00       0x33 Drivers/STM32F4xx_HAL_Driver/Src/stm32f4xx_hal.o
 .debug_macro   0x00000f33       0x28 Drivers/STM32F4xx_HAL_Driver/Src/stm32f4xx_hal.o
 .debug_macro   0x00000f5b       0x22 Drivers/STM32F4xx_HAL_Driver/Src/stm32f4xx_hal.o
 .debug_macro   0x00000f7d       0x87 Drivers/STM32F4xx_HAL_Driver/Src/stm32f4xx_hal.o
 .debug_macro   0x00001004       0x44 Drivers/STM32F4xx_HAL_Driver/Src/stm32f4xx_hal.o
 .debug_macro   0x00001048       0xfd Drivers/STM32F4xx_HAL_Driver/Src/stm32f4xx_hal.o
 .debug_macro   0x00001145       0x5e Drivers/STM32F4xx_HAL_Driver/Src/stm32f4xx_hal.o
 .debug_macro   0x000011a3      0x1df Drivers/STM32F4xx_HAL_Driver/Src/stm32f4xx_hal.o
 .debug_macro   0x00001382       0x35 Drivers/STM32F4xx_HAL_Driver/Src/stm32f4xx_hal.o
 .debug_macro   0x000013b7       0x50 Drivers/STM32F4xx_HAL_Driver/Src/stm32f4xx_hal.o
 .debug_macro   0x00001407      0xe66 Drivers/STM32F4xx_HAL_Driver/Src/stm32f4xx_hal.o
 .debug_macro   0x0000226d    0x15d7f Drivers/STM32F4xx_HAL_Driver/Src/stm32f4xx_hal.o
 .debug_macro   0x00017fec       0x43 Drivers/STM32F4xx_HAL_Driver/Src/stm32f4xx_hal.o
 .debug_macro   0x0001802f     0x347f Drivers/STM32F4xx_HAL_Driver/Src/stm32f4xx_hal.o
 .debug_macro   0x0001b4ae       0x52 Drivers/STM32F4xx_HAL_Driver/Src/stm32f4xx_hal.o
 .debug_macro   0x0001b500       0x35 Drivers/STM32F4xx_HAL_Driver/Src/stm32f4xx_hal.o
 .debug_macro   0x0001b535       0x9c Drivers/STM32F4xx_HAL_Driver/Src/stm32f4xx_hal.o
 .debug_macro   0x0001b5d1       0x16 Drivers/STM32F4xx_HAL_Driver/Src/stm32f4xx_hal.o
 .debug_macro   0x0001b5e7       0x97 Drivers/STM32F4xx_HAL_Driver/Src/stm32f4xx_hal.o
 .debug_macro   0x0001b67e      0x30d Drivers/STM32F4xx_HAL_Driver/Src/stm32f4xx_hal.o
 .debug_macro   0x0001b98b       0xfd Drivers/STM32F4xx_HAL_Driver/Src/stm32f4xx_hal.o
 .debug_macro   0x0001ba88       0x10 Drivers/STM32F4xx_HAL_Driver/Src/stm32f4xx_hal.o
 .debug_macro   0x0001ba98       0x52 Drivers/STM32F4xx_HAL_Driver/Src/stm32f4xx_hal.o
 .debug_macro   0x0001baea       0x1f Drivers/STM32F4xx_HAL_Driver/Src/stm32f4xx_hal.o
 .debug_macro   0x0001bb09       0x43 Drivers/STM32F4xx_HAL_Driver/Src/stm32f4xx_hal.o
 .debug_macro   0x0001bb4c       0x20 Drivers/STM32F4xx_HAL_Driver/Src/stm32f4xx_hal.o
 .debug_macro   0x0001bb6c      0x187 Drivers/STM32F4xx_HAL_Driver/Src/stm32f4xx_hal.o
 .debug_macro   0x0001bcf3       0x10 Drivers/STM32F4xx_HAL_Driver/Src/stm32f4xx_hal.o
 .debug_macro   0x0001bd03       0x1c Drivers/STM32F4xx_HAL_Driver/Src/stm32f4xx_hal.o
 .debug_macro   0x0001bd1f       0x52 Drivers/STM32F4xx_HAL_Driver/Src/stm32f4xx_hal.o
 .debug_macro   0x0001bd71       0x40 Drivers/STM32F4xx_HAL_Driver/Src/stm32f4xx_hal.o
 .debug_macro   0x0001bdb1       0x10 Drivers/STM32F4xx_HAL_Driver/Src/stm32f4xx_hal.o
 .debug_macro   0x0001bdc1       0x40 Drivers/STM32F4xx_HAL_Driver/Src/stm32f4xx_hal.o
 .debug_macro   0x0001be01       0xd7 Drivers/STM32F4xx_HAL_Driver/Src/stm32f4xx_hal.o
 .debug_macro   0x0001bed8       0x16 Drivers/STM32F4xx_HAL_Driver/Src/stm32f4xx_hal.o
 .debug_macro   0x0001beee      0x189 Drivers/STM32F4xx_HAL_Driver/Src/stm32f4xx_hal.o
 .debug_macro   0x0001c077       0x50 Drivers/STM32F4xx_HAL_Driver/Src/stm32f4xx_hal.o
 .debug_macro   0x0001c0c7      0x964 Drivers/STM32F4xx_HAL_Driver/Src/stm32f4xx_hal.o
 .debug_macro   0x0001ca2b      0x9e1 Drivers/STM32F4xx_HAL_Driver/Src/stm32f4xx_hal.o
 .debug_macro   0x0001d40c      0x11e Drivers/STM32F4xx_HAL_Driver/Src/stm32f4xx_hal.o
 .debug_macro   0x0001d52a      0x13e Drivers/STM32F4xx_HAL_Driver/Src/stm32f4xx_hal.o
 .debug_macro   0x0001d668       0x27 Drivers/STM32F4xx_HAL_Driver/Src/stm32f4xx_hal.o
 .debug_macro   0x0001d68f      0x287 Drivers/STM32F4xx_HAL_Driver/Src/stm32f4xx_hal.o
 .debug_macro   0x0001d916       0x5f Drivers/STM32F4xx_HAL_Driver/Src/stm32f4xx_hal.o
 .debug_macro   0x0001d975      0x23a Drivers/STM32F4xx_HAL_Driver/Src/stm32f4xx_hal.o
 .debug_macro   0x0001dbaf      0x13a Drivers/STM32F4xx_HAL_Driver/Src/stm32f4xx_hal.o
 .debug_macro   0x0001dce9      0x21e Drivers/STM32F4xx_HAL_Driver/Src/stm32f4xx_hal.o
 .debug_macro   0x0001df07       0x2e Drivers/STM32F4xx_HAL_Driver/Src/stm32f4xx_hal.o
 .debug_macro   0x0001df35      0x1a7 Drivers/STM32F4xx_HAL_Driver/Src/stm32f4xx_hal.o
 .debug_macro   0x0001e0dc       0xa5 Drivers/STM32F4xx_HAL_Driver/Src/stm32f4xx_hal.o
 .debug_macro   0x0001e181      0x11e Drivers/STM32F4xx_HAL_Driver/Src/stm32f4xx_hal.o
 .debug_macro   0x0001e29f       0x7f Drivers/STM32F4xx_HAL_Driver/Src/stm32f4xx_hal.o
 .debug_macro   0x0001e31e       0x89 Drivers/STM32F4xx_HAL_Driver/Src/stm32f4xx_hal.o
 .debug_macro   0x0001e3a7      0x125 Drivers/STM32F4xx_HAL_Driver/Src/stm32f4xx_hal.o
 .debug_macro   0x0001e4cc      0x2ff Drivers/STM32F4xx_HAL_Driver/Src/stm32f4xx_hal_cortex.o
 .debug_macro   0x0001e7cb      0x337 Drivers/STM32F4xx_HAL_Driver/Src/stm32f4xx_hal_gpio.o
 .debug_macro   0x0001eb02      0x33f Drivers/STM32F4xx_HAL_Driver/Src/stm32f4xx_hal_i2c.o
 .debug_macro   0x0001ee41      0x329 Drivers/STM32F4xx_HAL_Driver/Src/stm32f4xx_hal_rcc.o
 .debug_macro   0x0001f16a      0x309 Src/gpio.o
 .debug_macro   0x0001f473      0x313 Src/i2c.o
 .debug_macro   0x0001f786      0x317 Src/main.o
 .debug_macro   0x0001fa9d      0x2ff Src/stm32f4xx_hal_msp.o
 .debug_macro   0x0001fd9c      0x309 Src/stm32f4xx_it.o
 .debug_macro   0x000200a5      0x305 Src/system_stm32f4xx.o

.debug_str      0x00000000    0xbb961
 .debug_str     0x00000000    0xb9f9f Drivers/STM32F4xx_HAL_Driver/Src/stm32f4xx_hal.o
                              0xba31b (size before relaxing)
 .debug_str     0x000b9f9f      0x388 Drivers/STM32F4xx_HAL_Driver/Src/stm32f4xx_hal_cortex.o
                              0xba0c0 (size before relaxing)
 .debug_str     0x000ba327      0x2ec Drivers/STM32F4xx_HAL_Driver/Src/stm32f4xx_hal_gpio.o
                              0xb9af3 (size before relaxing)
 .debug_str     0x000ba613      0xe60 Drivers/STM32F4xx_HAL_Driver/Src/stm32f4xx_hal_i2c.o
                              0xba5d4 (size before relaxing)
 .debug_str     0x000bb473      0x379 Drivers/STM32F4xx_HAL_Driver/Src/stm32f4xx_hal_rcc.o
                              0xb9c82 (size before relaxing)
 .debug_str     0x000bb7ec       0x25 Src/gpio.o
                              0xb9879 (size before relaxing)
 .debug_str     0x000bb811       0x63 Src/i2c.o
                              0xb9d9c (size before relaxing)
 .debug_str     0x000bb874       0x26 Src/main.o
                              0xb9ea4 (size before relaxing)
 .debug_str     0x000bb89a       0x27 Src/stm32f4xx_hal_msp.o
                              0xb9bc0 (size before relaxing)
 .debug_str     0x000bb8c1       0x38 Src/stm32f4xx_it.o
                              0xb96c9 (size before relaxing)
 .debug_str     0x000bb8f9       0x68 Src/system_stm32f4xx.o
                              0xb987b (size before relaxing)

.comment        0x00000000       0x6e
 .comment       0x00000000       0x6e Drivers/STM32F4xx_HAL_Driver/Src/stm32f4xx_hal.o
                                 0x6f (size before relaxing)
 .comment       0x0000006e       0x6f Drivers/STM32F4xx_HAL_Driver/Src/stm32f4xx_hal_cortex.o
 .comment       0x0000006e       0x6f Drivers/STM32F4xx_HAL_Driver/Src/stm32f4xx_hal_gpio.o
 .comment       0x0000006e       0x6f Drivers/STM32F4xx_HAL_Driver/Src/stm32f4xx_hal_i2c.o
 .comment       0x0000006e       0x6f Drivers/STM32F4xx_HAL_Driver/Src/stm32f4xx_hal_rcc.o
 .comment       0x0000006e       0x6f Src/gpio.o
 .comment       0x0000006e       0x6f Src/i2c.o
 .comment       0x0000006e       0x6f Src/main.o
 .comment       0x0000006e       0x6f Src/stm32f4xx_hal_msp.o
 .comment       0x0000006e       0x6f Src/stm32f4xx_it.o
 .comment       0x0000006e       0x6f Src/system_stm32f4xx.o

.debug_frame    0x00000000      0xca8
 .debug_frame   0x00000000      0x184 Drivers/STM32F4xx_HAL_Driver/Src/stm32f4xx_hal.o
 .debug_frame   0x00000184      0x130 Drivers/STM32F4xx_HAL_Driver/Src/stm32f4xx_hal_cortex.o
 .debug_frame   0x000002b4       0xd4 Drivers/STM32F4xx_HAL_Driver/Src/stm32f4xx_hal_gpio.o
 .debug_frame   0x00000388      0x63c Drivers/STM32F4xx_HAL_Driver/Src/stm32f4xx_hal_i2c.o
 .debug_frame   0x000009c4      0x138 Drivers/STM32F4xx_HAL_Driver/Src/stm32f4xx_hal_rcc.o
 .debug_frame   0x00000afc       0x3c Src/gpio.o
 .debug_frame   0x00000b38       0x64 Src/i2c.o
 .debug_frame   0x00000b9c       0x58 Src/main.o
 .debug_frame   0x00000bf4       0x2c Src/stm32f4xx_hal_msp.o
 .debug_frame   0x00000c20       0x2c Src/stm32f4xx_it.o
 .debug_frame   0x00000c4c       0x30 Src/system_stm32f4xx.o
 .debug_frame   0x00000c7c       0x2c c:/eclipse_neon2/plugins/fr.ac6.mcu.externaltools.arm-none.win32_1.12.0.201611241417/tools/compiler/bin/../lib/gcc/arm-none-eabi/5.4.1/../../../../arm-none-eabi/lib/armv7e-m/fpu\libc_nano.a(lib_a-init.o)
